../Core/Src/main.c:91:13:UART2_Print	16	static
../Core/Src/main.c:100:16:CAN1_Filter_AllPass_Config	48	static
../Core/Src/main.c:142:13:Decode_CAN_To_Patient	24	static
../Core/Src/main.c:156:6:HAL_CAN_RxFifo0MsgPendingCallback	96	static
../Core/Src/main.c:203:5:main	8	static
../Core/Src/main.c:259:6:SystemClock_Config	88	static
../Core/Src/main.c:298:13:MX_CAN1_Init	8	static
../Core/Src/main.c:327:13:MX_USART2_UART_Init	8	static
../Core/Src/main.c:349:13:MX_GPIO_Init	16	static
../Core/Src/main.c:363:6:Error_Handler	4	static,ignoring_inline_asm
